Analysis & Synthesis report for top
Fri Jul 11 20:11:01 2025
Quartus Prime Version 24.1std.0 Build 1077 03/04/2025 SC Lite Edition


---------------------
; Table of Contents ;
---------------------
  1. Legal Notice
  2. Analysis & Synthesis Summary
  3. Analysis & Synthesis Settings
  4. Parallel Compilation
  5. Analysis & Synthesis Source Files Read
  6. Analysis & Synthesis Resource Usage Summary
  7. Analysis & Synthesis Resource Utilization by Entity
  8. Registers Removed During Synthesis
  9. Removed Registers Triggering Further Register Optimizations
 10. General Register Statistics
 11. Inverted Register Statistics
 12. Multiplexer Restructuring Statistics (Restructuring Performed)
 13. Parameter Settings for User Entity Instance: Top-level Entity: |top
 14. Parameter Settings for User Entity Instance: frequency:game_frequency
 15. Parameter Settings for User Entity Instance: display:d
 16. Parameter Settings for User Entity Instance: stopwatch:sw|frequency:fd
 17. Parameter Settings for User Entity Instance: state_machine:sm
 18. Parameter Settings for User Entity Instance: state_machine:sm|board_updater:b_up
 19. Parameter Settings for User Entity Instance: state_machine:sm|position_updater:pos_up
 20. Parameter Settings for User Entity Instance: state_machine:sm|difficulty_selector:d_sel
 21. Port Connectivity Checks: "state_machine:sm"
 22. Port Connectivity Checks: "score:sc"
 23. Port Connectivity Checks: "stopwatch:sw"
 24. Post-Synthesis Netlist Statistics for Top Partition
 25. Elapsed Time Per Partition
 26. Analysis & Synthesis Messages



----------------
; Legal Notice ;
----------------
Copyright (C) 2025  Altera Corporation. All rights reserved.
Your use of Altera Corporation's design tools, logic functions 
and other software and tools, and any partner logic 
functions, and any output files from any of the foregoing 
(including device programming or simulation files), and any 
associated documentation or information are expressly subject 
to the terms and conditions of the Altera Program License 
Subscription Agreement, the Altera Quartus Prime License Agreement,
the Altera IP License Agreement, or other applicable license
agreement, including, without limitation, that your use is for
the sole purpose of programming logic devices manufactured by
Altera and sold by Altera or its authorized distributors.  Please
refer to the Altera Software License Subscription Agreements 
on the Quartus Prime software download page.



+--------------------------------------------------------------------------------------+
; Analysis & Synthesis Summary                                                         ;
+------------------------------------+-------------------------------------------------+
; Analysis & Synthesis Status        ; Successful - Fri Jul 11 20:11:01 2025           ;
; Quartus Prime Version              ; 24.1std.0 Build 1077 03/04/2025 SC Lite Edition ;
; Revision Name                      ; top                                             ;
; Top-level Entity Name              ; top                                             ;
; Family                             ; Cyclone IV E                                    ;
; Total logic elements               ; 503                                             ;
;     Total combinational functions  ; 503                                             ;
;     Dedicated logic registers      ; 173                                             ;
; Total registers                    ; 173                                             ;
; Total pins                         ; 66                                              ;
; Total virtual pins                 ; 0                                               ;
; Total memory bits                  ; 0                                               ;
; Embedded Multiplier 9-bit elements ; 0                                               ;
; Total PLLs                         ; 0                                               ;
+------------------------------------+-------------------------------------------------+


+------------------------------------------------------------------------------------------------------------+
; Analysis & Synthesis Settings                                                                              ;
+------------------------------------------------------------------+--------------------+--------------------+
; Option                                                           ; Setting            ; Default Value      ;
+------------------------------------------------------------------+--------------------+--------------------+
; Device                                                           ; EP4CE115F29C8      ;                    ;
; Top-level entity name                                            ; top                ; top                ;
; Family name                                                      ; Cyclone IV E       ; Cyclone V          ;
; Use smart compilation                                            ; Off                ; Off                ;
; Enable parallel Assembler and Timing Analyzer during compilation ; On                 ; On                 ;
; Enable compact report table                                      ; Off                ; Off                ;
; Restructure Multiplexers                                         ; Auto               ; Auto               ;
; Create Debugging Nodes for IP Cores                              ; Off                ; Off                ;
; Preserve fewer node names                                        ; On                 ; On                 ;
; Intel FPGA IP Evaluation Mode                                    ; Enable             ; Enable             ;
; Verilog Version                                                  ; Verilog_2001       ; Verilog_2001       ;
; VHDL Version                                                     ; VHDL_1993          ; VHDL_1993          ;
; State Machine Processing                                         ; Auto               ; Auto               ;
; Safe State Machine                                               ; Off                ; Off                ;
; Extract Verilog State Machines                                   ; On                 ; On                 ;
; Extract VHDL State Machines                                      ; On                 ; On                 ;
; Ignore Verilog initial constructs                                ; Off                ; Off                ;
; Iteration limit for constant Verilog loops                       ; 5000               ; 5000               ;
; Iteration limit for non-constant Verilog loops                   ; 250                ; 250                ;
; Add Pass-Through Logic to Inferred RAMs                          ; On                 ; On                 ;
; Infer RAMs from Raw Logic                                        ; On                 ; On                 ;
; Parallel Synthesis                                               ; On                 ; On                 ;
; DSP Block Balancing                                              ; Auto               ; Auto               ;
; NOT Gate Push-Back                                               ; On                 ; On                 ;
; Power-Up Don't Care                                              ; On                 ; On                 ;
; Remove Redundant Logic Cells                                     ; Off                ; Off                ;
; Remove Duplicate Registers                                       ; On                 ; On                 ;
; Ignore CARRY Buffers                                             ; Off                ; Off                ;
; Ignore CASCADE Buffers                                           ; Off                ; Off                ;
; Ignore GLOBAL Buffers                                            ; Off                ; Off                ;
; Ignore ROW GLOBAL Buffers                                        ; Off                ; Off                ;
; Ignore LCELL Buffers                                             ; Off                ; Off                ;
; Ignore SOFT Buffers                                              ; On                 ; On                 ;
; Limit AHDL Integers to 32 Bits                                   ; Off                ; Off                ;
; Optimization Technique                                           ; Balanced           ; Balanced           ;
; Carry Chain Length                                               ; 70                 ; 70                 ;
; Auto Carry Chains                                                ; On                 ; On                 ;
; Auto Open-Drain Pins                                             ; On                 ; On                 ;
; Perform WYSIWYG Primitive Resynthesis                            ; Off                ; Off                ;
; Auto ROM Replacement                                             ; On                 ; On                 ;
; Auto RAM Replacement                                             ; On                 ; On                 ;
; Auto DSP Block Replacement                                       ; On                 ; On                 ;
; Auto Shift Register Replacement                                  ; Auto               ; Auto               ;
; Allow Shift Register Merging across Hierarchies                  ; Auto               ; Auto               ;
; Auto Clock Enable Replacement                                    ; On                 ; On                 ;
; Strict RAM Replacement                                           ; Off                ; Off                ;
; Allow Synchronous Control Signals                                ; On                 ; On                 ;
; Force Use of Synchronous Clear Signals                           ; Off                ; Off                ;
; Auto RAM Block Balancing                                         ; On                 ; On                 ;
; Auto RAM to Logic Cell Conversion                                ; Off                ; Off                ;
; Auto Resource Sharing                                            ; Off                ; Off                ;
; Allow Any RAM Size For Recognition                               ; Off                ; Off                ;
; Allow Any ROM Size For Recognition                               ; Off                ; Off                ;
; Allow Any Shift Register Size For Recognition                    ; Off                ; Off                ;
; Use LogicLock Constraints during Resource Balancing              ; On                 ; On                 ;
; Ignore translate_off and synthesis_off directives                ; Off                ; Off                ;
; Timing-Driven Synthesis                                          ; On                 ; On                 ;
; Report Parameter Settings                                        ; On                 ; On                 ;
; Report Source Assignments                                        ; On                 ; On                 ;
; Report Connectivity Checks                                       ; On                 ; On                 ;
; Ignore Maximum Fan-Out Assignments                               ; Off                ; Off                ;
; Synchronization Register Chain Length                            ; 2                  ; 2                  ;
; Power Optimization During Synthesis                              ; Normal compilation ; Normal compilation ;
; HDL message level                                                ; Level2             ; Level2             ;
; Suppress Register Optimization Related Messages                  ; Off                ; Off                ;
; Number of Removed Registers Reported in Synthesis Report         ; 5000               ; 5000               ;
; Number of Swept Nodes Reported in Synthesis Report               ; 5000               ; 5000               ;
; Number of Inverted Registers Reported in Synthesis Report        ; 100                ; 100                ;
; Clock MUX Protection                                             ; On                 ; On                 ;
; Auto Gated Clock Conversion                                      ; Off                ; Off                ;
; Block Design Naming                                              ; Auto               ; Auto               ;
; SDC constraint protection                                        ; Off                ; Off                ;
; Synthesis Effort                                                 ; Auto               ; Auto               ;
; Shift Register Replacement - Allow Asynchronous Clear Signal     ; On                 ; On                 ;
; Pre-Mapping Resynthesis Optimization                             ; Off                ; Off                ;
; Analysis & Synthesis Message Level                               ; Medium             ; Medium             ;
; Disable Register Merging Across Hierarchies                      ; Auto               ; Auto               ;
; Resource Aware Inference For Block RAM                           ; On                 ; On                 ;
+------------------------------------------------------------------+--------------------+--------------------+


+------------------------------------------+
; Parallel Compilation                     ;
+----------------------------+-------------+
; Processors                 ; Number      ;
+----------------------------+-------------+
; Number detected on machine ; 16          ;
; Maximum allowed            ; 10          ;
;                            ;             ;
; Average used               ; 1.00        ;
; Maximum used               ; 10          ;
;                            ;             ;
; Usage by Processor         ; % Time Used ;
;     Processor 1            ; 100.0%      ;
;     Processor 2            ;   0.0%      ;
;     Processors 3-10        ;   0.0%      ;
+----------------------------+-------------+


+--------------------------------------------------------------------------------------------------------------------------------------------------------------+
; Analysis & Synthesis Source Files Read                                                                                                                       ;
+-----------------------------------+-----------------+------------------------+---------------------------------------------------------------------+---------+
; File Name with User-Entered Path  ; Used in Netlist ; File Type              ; File Name with Absolute Path                                        ; Library ;
+-----------------------------------+-----------------+------------------------+---------------------------------------------------------------------+---------+
; ../modelsim/victory.v             ; yes             ; User Verilog HDL File  ; /home/andreojr/dev/edu/engg52/sudoku/modelsim/victory.v             ;         ;
; ../modelsim/top.v                 ; yes             ; User Verilog HDL File  ; /home/andreojr/dev/edu/engg52/sudoku/modelsim/top.v                 ;         ;
; ../modelsim/stopwatch.v           ; yes             ; User Verilog HDL File  ; /home/andreojr/dev/edu/engg52/sudoku/modelsim/stopwatch.v           ;         ;
; ../modelsim/state_machine.v       ; yes             ; User Verilog HDL File  ; /home/andreojr/dev/edu/engg52/sudoku/modelsim/state_machine.v       ;         ;
; ../modelsim/score.v               ; yes             ; User Verilog HDL File  ; /home/andreojr/dev/edu/engg52/sudoku/modelsim/score.v               ;         ;
; ../modelsim/random.v              ; yes             ; User Verilog HDL File  ; /home/andreojr/dev/edu/engg52/sudoku/modelsim/random.v              ;         ;
; ../modelsim/position_updater.v    ; yes             ; User Verilog HDL File  ; /home/andreojr/dev/edu/engg52/sudoku/modelsim/position_updater.v    ;         ;
; ../modelsim/map_selector.v        ; yes             ; User Verilog HDL File  ; /home/andreojr/dev/edu/engg52/sudoku/modelsim/map_selector.v        ;         ;
; ../modelsim/frequency.v           ; yes             ; User Verilog HDL File  ; /home/andreojr/dev/edu/engg52/sudoku/modelsim/frequency.v           ;         ;
; ../modelsim/display.v             ; yes             ; User Verilog HDL File  ; /home/andreojr/dev/edu/engg52/sudoku/modelsim/display.v             ;         ;
; ../modelsim/difficulty_selector.v ; yes             ; User Verilog HDL File  ; /home/andreojr/dev/edu/engg52/sudoku/modelsim/difficulty_selector.v ;         ;
; ../modelsim/define_maps.v         ; yes             ; User Verilog HDL File  ; /home/andreojr/dev/edu/engg52/sudoku/modelsim/define_maps.v         ;         ;
; ../modelsim/defeat.v              ; yes             ; User Verilog HDL File  ; /home/andreojr/dev/edu/engg52/sudoku/modelsim/defeat.v              ;         ;
; ../modelsim/button_handler.v      ; yes             ; User Verilog HDL File  ; /home/andreojr/dev/edu/engg52/sudoku/modelsim/button_handler.v      ;         ;
; ../modelsim/board_updater.v       ; yes             ; User Verilog HDL File  ; /home/andreojr/dev/edu/engg52/sudoku/modelsim/board_updater.v       ;         ;
+-----------------------------------+-----------------+------------------------+---------------------------------------------------------------------+---------+


+-----------------------------------------------------------+
; Analysis & Synthesis Resource Usage Summary               ;
+---------------------------------------------+-------------+
; Resource                                    ; Usage       ;
+---------------------------------------------+-------------+
; Estimated Total logic elements              ; 503         ;
;                                             ;             ;
; Total combinational functions               ; 503         ;
; Logic element usage by number of LUT inputs ;             ;
;     -- 4 input functions                    ; 319         ;
;     -- 3 input functions                    ; 84          ;
;     -- <=2 input functions                  ; 100         ;
;                                             ;             ;
; Logic elements by mode                      ;             ;
;     -- normal mode                          ; 420         ;
;     -- arithmetic mode                      ; 83          ;
;                                             ;             ;
; Total registers                             ; 173         ;
;     -- Dedicated logic registers            ; 173         ;
;     -- I/O registers                        ; 0           ;
;                                             ;             ;
; I/O pins                                    ; 66          ;
;                                             ;             ;
; Embedded Multiplier 9-bit elements          ; 0           ;
;                                             ;             ;
; Maximum fan-out node                        ; reset~input ;
; Maximum fan-out                             ; 173         ;
; Total fan-out                               ; 2469        ;
; Average fan-out                             ; 3.06        ;
+---------------------------------------------+-------------+


+-----------------------------------------------------------------------------------------------------------------------------------------------------------------------------------------------------------------------------------------------------+
; Analysis & Synthesis Resource Utilization by Entity                                                                                                                                                                                                 ;
+-----------------------------------+---------------------+---------------------------+-------------+--------------+---------+-----------+------+--------------+-------------------------------------------------+---------------------+--------------+
; Compilation Hierarchy Node        ; Combinational ALUTs ; Dedicated Logic Registers ; Memory Bits ; DSP Elements ; DSP 9x9 ; DSP 18x18 ; Pins ; Virtual Pins ; Full Hierarchy Name                             ; Entity Name         ; Library Name ;
+-----------------------------------+---------------------+---------------------------+-------------+--------------+---------+-----------+------+--------------+-------------------------------------------------+---------------------+--------------+
; |top                              ; 503 (1)             ; 173 (0)                   ; 0           ; 0            ; 0       ; 0         ; 66   ; 0            ; |top                                            ; top                 ; work         ;
;    |display:d|                    ; 30 (30)             ; 0 (0)                     ; 0           ; 0            ; 0       ; 0         ; 0    ; 0            ; |top|display:d                                  ; display             ; work         ;
;    |frequency:game_frequency|     ; 47 (47)             ; 27 (27)                   ; 0           ; 0            ; 0       ; 0         ; 0    ; 0            ; |top|frequency:game_frequency                   ; frequency           ; work         ;
;    |state_machine:sm|             ; 348 (142)           ; 101 (3)                   ; 0           ; 0            ; 0       ; 0         ; 0    ; 0            ; |top|state_machine:sm                           ; state_machine       ; work         ;
;       |board_updater:b_up|        ; 157 (157)           ; 89 (89)                   ; 0           ; 0            ; 0       ; 0         ; 0    ; 0            ; |top|state_machine:sm|board_updater:b_up        ; board_updater       ; work         ;
;       |defeat:d|                  ; 5 (5)               ; 0 (0)                     ; 0           ; 0            ; 0       ; 0         ; 0    ; 0            ; |top|state_machine:sm|defeat:d                  ; defeat              ; work         ;
;       |difficulty_selector:d_sel| ; 1 (1)               ; 1 (1)                     ; 0           ; 0            ; 0       ; 0         ; 0    ; 0            ; |top|state_machine:sm|difficulty_selector:d_sel ; difficulty_selector ; work         ;
;       |position_updater:pos_up|   ; 16 (16)             ; 8 (8)                     ; 0           ; 0            ; 0       ; 0         ; 0    ; 0            ; |top|state_machine:sm|position_updater:pos_up   ; position_updater    ; work         ;
;       |victory:v|                 ; 27 (27)             ; 0 (0)                     ; 0           ; 0            ; 0       ; 0         ; 0    ; 0            ; |top|state_machine:sm|victory:v                 ; victory             ; work         ;
;    |stopwatch:sw|                 ; 77 (32)             ; 45 (22)                   ; 0           ; 0            ; 0       ; 0         ; 0    ; 0            ; |top|stopwatch:sw                               ; stopwatch           ; work         ;
;       |frequency:fd|              ; 45 (45)             ; 23 (23)                   ; 0           ; 0            ; 0       ; 0         ; 0    ; 0            ; |top|stopwatch:sw|frequency:fd                  ; frequency           ; work         ;
+-----------------------------------+---------------------+---------------------------+-------------+--------------+---------+-----------+------+--------------+-------------------------------------------------+---------------------+--------------+
Note: For table entries with two numbers listed, the numbers in parentheses indicate the number of resources of the given type used by the specific entity alone. The numbers listed outside of parentheses indicate the total resources of the given type used by the specific entity and all of its sub-entities in the hierarchy.


+--------------------------------------------------------------------------------------------------------------------------------------------------------------------------------------------------------------------------------------------------------------------------------------+
; Registers Removed During Synthesis                                                                                                                                                                                                                                                   ;
+-------------------------------------------------------------------------------------------------------------------------------------------------------------------------------------------------------------------------+------------------------------------------------------------+
; Register name                                                                                                                                                                                                           ; Reason for Removal                                         ;
+-------------------------------------------------------------------------------------------------------------------------------------------------------------------------------------------------------------------------+------------------------------------------------------------+
; map_selector:ms|random:r|random_number[1..3]                                                                                                                                                                            ; Stuck at GND due to stuck port data_in                     ;
; map_selector:ms|random:r|random_number[0]                                                                                                                                                                               ; Stuck at VCC due to stuck port data_in                     ;
; state_machine:sm|board_updater:b_up|board[1,2,5,7,8,10,11,13..17,19,22..24,27,31..34,39,42..46,49,51,52,54..56,59,61,62,65..69,71..73,75,77..80,83..86,91,93,94,98..100,102,103,105,107..110,115..117,119,122..124,127] ; Stuck at GND due to stuck port data_in                     ;
; state_machine:sm|board_updater:b_up|board[63]                                                                                                                                                                           ; Merged with state_machine:sm|board_updater:b_up|board[64]  ;
; state_machine:sm|board_updater:b_up|board[64]                                                                                                                                                                           ; Merged with state_machine:sm|board_updater:b_up|board[70]  ;
; state_machine:sm|board_updater:b_up|board[70]                                                                                                                                                                           ; Merged with state_machine:sm|board_updater:b_up|board[74]  ;
; state_machine:sm|board_updater:b_up|board[74]                                                                                                                                                                           ; Merged with state_machine:sm|board_updater:b_up|board[76]  ;
; state_machine:sm|board_updater:b_up|board[76]                                                                                                                                                                           ; Merged with state_machine:sm|board_updater:b_up|board[81]  ;
; state_machine:sm|board_updater:b_up|board[81]                                                                                                                                                                           ; Merged with state_machine:sm|board_updater:b_up|board[82]  ;
; state_machine:sm|board_updater:b_up|board[82]                                                                                                                                                                           ; Merged with state_machine:sm|board_updater:b_up|board[87]  ;
; state_machine:sm|board_updater:b_up|board[87]                                                                                                                                                                           ; Merged with state_machine:sm|board_updater:b_up|board[88]  ;
; state_machine:sm|board_updater:b_up|board[88]                                                                                                                                                                           ; Merged with state_machine:sm|board_updater:b_up|board[89]  ;
; state_machine:sm|board_updater:b_up|board[89]                                                                                                                                                                           ; Merged with state_machine:sm|board_updater:b_up|board[90]  ;
; state_machine:sm|board_updater:b_up|board[90]                                                                                                                                                                           ; Merged with state_machine:sm|board_updater:b_up|board[92]  ;
; state_machine:sm|board_updater:b_up|board[92]                                                                                                                                                                           ; Merged with state_machine:sm|board_updater:b_up|board[126] ;
; state_machine:sm|board_updater:b_up|board[126]                                                                                                                                                                          ; Merged with state_machine:sm|board_updater:b_up|board[96]  ;
; state_machine:sm|board_updater:b_up|board[96]                                                                                                                                                                           ; Merged with state_machine:sm|board_updater:b_up|board[97]  ;
; state_machine:sm|board_updater:b_up|board[97]                                                                                                                                                                           ; Merged with state_machine:sm|board_updater:b_up|board[101] ;
; state_machine:sm|board_updater:b_up|board[101]                                                                                                                                                                          ; Merged with state_machine:sm|board_updater:b_up|board[104] ;
; state_machine:sm|board_updater:b_up|board[104]                                                                                                                                                                          ; Merged with state_machine:sm|board_updater:b_up|board[106] ;
; state_machine:sm|board_updater:b_up|board[106]                                                                                                                                                                          ; Merged with state_machine:sm|board_updater:b_up|board[111] ;
; state_machine:sm|board_updater:b_up|board[111]                                                                                                                                                                          ; Merged with state_machine:sm|board_updater:b_up|board[112] ;
; state_machine:sm|board_updater:b_up|board[112]                                                                                                                                                                          ; Merged with state_machine:sm|board_updater:b_up|board[113] ;
; state_machine:sm|board_updater:b_up|board[113]                                                                                                                                                                          ; Merged with state_machine:sm|board_updater:b_up|board[114] ;
; state_machine:sm|board_updater:b_up|board[114]                                                                                                                                                                          ; Merged with state_machine:sm|board_updater:b_up|board[118] ;
; state_machine:sm|board_updater:b_up|board[118]                                                                                                                                                                          ; Merged with state_machine:sm|board_updater:b_up|board[120] ;
; state_machine:sm|board_updater:b_up|board[120]                                                                                                                                                                          ; Merged with state_machine:sm|board_updater:b_up|board[121] ;
; state_machine:sm|board_updater:b_up|board[121]                                                                                                                                                                          ; Merged with state_machine:sm|board_updater:b_up|board[125] ;
; state_machine:sm|board_updater:b_up|board[125]                                                                                                                                                                          ; Merged with state_machine:sm|board_updater:b_up|board[95]  ;
; state_machine:sm|board_updater:b_up|board[95]                                                                                                                                                                           ; Merged with state_machine:sm|board_updater:b_up|board[0]   ;
; state_machine:sm|board_updater:b_up|board[0]                                                                                                                                                                            ; Merged with state_machine:sm|board_updater:b_up|board[3]   ;
; state_machine:sm|board_updater:b_up|board[3]                                                                                                                                                                            ; Merged with state_machine:sm|board_updater:b_up|board[4]   ;
; state_machine:sm|board_updater:b_up|board[4]                                                                                                                                                                            ; Merged with state_machine:sm|board_updater:b_up|board[6]   ;
; state_machine:sm|board_updater:b_up|board[6]                                                                                                                                                                            ; Merged with state_machine:sm|board_updater:b_up|board[9]   ;
; state_machine:sm|board_updater:b_up|board[9]                                                                                                                                                                            ; Merged with state_machine:sm|board_updater:b_up|board[12]  ;
; state_machine:sm|board_updater:b_up|board[12]                                                                                                                                                                           ; Merged with state_machine:sm|board_updater:b_up|board[18]  ;
; state_machine:sm|board_updater:b_up|board[18]                                                                                                                                                                           ; Merged with state_machine:sm|board_updater:b_up|board[20]  ;
; state_machine:sm|board_updater:b_up|board[20]                                                                                                                                                                           ; Merged with state_machine:sm|board_updater:b_up|board[21]  ;
; state_machine:sm|board_updater:b_up|board[21]                                                                                                                                                                           ; Merged with state_machine:sm|board_updater:b_up|board[25]  ;
; state_machine:sm|board_updater:b_up|board[25]                                                                                                                                                                           ; Merged with state_machine:sm|board_updater:b_up|board[26]  ;
; state_machine:sm|board_updater:b_up|board[26]                                                                                                                                                                           ; Merged with state_machine:sm|board_updater:b_up|board[28]  ;
; state_machine:sm|board_updater:b_up|board[28]                                                                                                                                                                           ; Merged with state_machine:sm|board_updater:b_up|board[60]  ;
; state_machine:sm|board_updater:b_up|board[60]                                                                                                                                                                           ; Merged with state_machine:sm|board_updater:b_up|board[30]  ;
; state_machine:sm|board_updater:b_up|board[30]                                                                                                                                                                           ; Merged with state_machine:sm|board_updater:b_up|board[35]  ;
; state_machine:sm|board_updater:b_up|board[35]                                                                                                                                                                           ; Merged with state_machine:sm|board_updater:b_up|board[36]  ;
; state_machine:sm|board_updater:b_up|board[36]                                                                                                                                                                           ; Merged with state_machine:sm|board_updater:b_up|board[37]  ;
; state_machine:sm|board_updater:b_up|board[37]                                                                                                                                                                           ; Merged with state_machine:sm|board_updater:b_up|board[38]  ;
; state_machine:sm|board_updater:b_up|board[38]                                                                                                                                                                           ; Merged with state_machine:sm|board_updater:b_up|board[40]  ;
; state_machine:sm|board_updater:b_up|board[40]                                                                                                                                                                           ; Merged with state_machine:sm|board_updater:b_up|board[41]  ;
; state_machine:sm|board_updater:b_up|board[41]                                                                                                                                                                           ; Merged with state_machine:sm|board_updater:b_up|board[47]  ;
; state_machine:sm|board_updater:b_up|board[47]                                                                                                                                                                           ; Merged with state_machine:sm|board_updater:b_up|board[48]  ;
; state_machine:sm|board_updater:b_up|board[48]                                                                                                                                                                           ; Merged with state_machine:sm|board_updater:b_up|board[50]  ;
; state_machine:sm|board_updater:b_up|board[50]                                                                                                                                                                           ; Merged with state_machine:sm|board_updater:b_up|board[53]  ;
; state_machine:sm|board_updater:b_up|board[53]                                                                                                                                                                           ; Merged with state_machine:sm|board_updater:b_up|board[57]  ;
; state_machine:sm|board_updater:b_up|board[57]                                                                                                                                                                           ; Merged with state_machine:sm|board_updater:b_up|board[58]  ;
; state_machine:sm|board_updater:b_up|board[58]                                                                                                                                                                           ; Merged with state_machine:sm|board_updater:b_up|board[29]  ;
; stopwatch:sw|frequency:fd|counter[0]                                                                                                                                                                                    ; Merged with frequency:game_frequency|counter[0]            ;
; stopwatch:sw|frequency:fd|counter[1]                                                                                                                                                                                    ; Merged with frequency:game_frequency|counter[1]            ;
; stopwatch:sw|frequency:fd|counter[2]                                                                                                                                                                                    ; Merged with frequency:game_frequency|counter[2]            ;
; stopwatch:sw|frequency:fd|counter[3]                                                                                                                                                                                    ; Merged with frequency:game_frequency|counter[3]            ;
; Total Number of Removed Registers = 135                                                                                                                                                                                 ;                                                            ;
+-------------------------------------------------------------------------------------------------------------------------------------------------------------------------------------------------------------------------+------------------------------------------------------------+


+-------------------------------------------------------------------------------------------------------------------------+
; Removed Registers Triggering Further Register Optimizations                                                             ;
+-------------------------------------------+---------------------------+-------------------------------------------------+
; Register name                             ; Reason for Removal        ; Registers Removed due to This Register          ;
+-------------------------------------------+---------------------------+-------------------------------------------------+
; map_selector:ms|random:r|random_number[3] ; Stuck at GND              ; state_machine:sm|board_updater:b_up|board[127], ;
;                                           ; due to stuck port data_in ; state_machine:sm|board_updater:b_up|board[124], ;
;                                           ;                           ; state_machine:sm|board_updater:b_up|board[123], ;
;                                           ;                           ; state_machine:sm|board_updater:b_up|board[122], ;
;                                           ;                           ; state_machine:sm|board_updater:b_up|board[119], ;
;                                           ;                           ; state_machine:sm|board_updater:b_up|board[117], ;
;                                           ;                           ; state_machine:sm|board_updater:b_up|board[116], ;
;                                           ;                           ; state_machine:sm|board_updater:b_up|board[115], ;
;                                           ;                           ; state_machine:sm|board_updater:b_up|board[110], ;
;                                           ;                           ; state_machine:sm|board_updater:b_up|board[109], ;
;                                           ;                           ; state_machine:sm|board_updater:b_up|board[108], ;
;                                           ;                           ; state_machine:sm|board_updater:b_up|board[107], ;
;                                           ;                           ; state_machine:sm|board_updater:b_up|board[105], ;
;                                           ;                           ; state_machine:sm|board_updater:b_up|board[103], ;
;                                           ;                           ; state_machine:sm|board_updater:b_up|board[102], ;
;                                           ;                           ; state_machine:sm|board_updater:b_up|board[100], ;
;                                           ;                           ; state_machine:sm|board_updater:b_up|board[99],  ;
;                                           ;                           ; state_machine:sm|board_updater:b_up|board[98],  ;
;                                           ;                           ; state_machine:sm|board_updater:b_up|board[94],  ;
;                                           ;                           ; state_machine:sm|board_updater:b_up|board[93],  ;
;                                           ;                           ; state_machine:sm|board_updater:b_up|board[91],  ;
;                                           ;                           ; state_machine:sm|board_updater:b_up|board[86],  ;
;                                           ;                           ; state_machine:sm|board_updater:b_up|board[85],  ;
;                                           ;                           ; state_machine:sm|board_updater:b_up|board[84],  ;
;                                           ;                           ; state_machine:sm|board_updater:b_up|board[83],  ;
;                                           ;                           ; state_machine:sm|board_updater:b_up|board[80],  ;
;                                           ;                           ; state_machine:sm|board_updater:b_up|board[79],  ;
;                                           ;                           ; state_machine:sm|board_updater:b_up|board[78],  ;
;                                           ;                           ; state_machine:sm|board_updater:b_up|board[77],  ;
;                                           ;                           ; state_machine:sm|board_updater:b_up|board[75],  ;
;                                           ;                           ; state_machine:sm|board_updater:b_up|board[73],  ;
;                                           ;                           ; state_machine:sm|board_updater:b_up|board[72],  ;
;                                           ;                           ; state_machine:sm|board_updater:b_up|board[71],  ;
;                                           ;                           ; state_machine:sm|board_updater:b_up|board[69],  ;
;                                           ;                           ; state_machine:sm|board_updater:b_up|board[68],  ;
;                                           ;                           ; state_machine:sm|board_updater:b_up|board[67],  ;
;                                           ;                           ; state_machine:sm|board_updater:b_up|board[66],  ;
;                                           ;                           ; state_machine:sm|board_updater:b_up|board[65],  ;
;                                           ;                           ; state_machine:sm|board_updater:b_up|board[62],  ;
;                                           ;                           ; state_machine:sm|board_updater:b_up|board[61],  ;
;                                           ;                           ; state_machine:sm|board_updater:b_up|board[59],  ;
;                                           ;                           ; state_machine:sm|board_updater:b_up|board[56],  ;
;                                           ;                           ; state_machine:sm|board_updater:b_up|board[55],  ;
;                                           ;                           ; state_machine:sm|board_updater:b_up|board[54],  ;
;                                           ;                           ; state_machine:sm|board_updater:b_up|board[52],  ;
;                                           ;                           ; state_machine:sm|board_updater:b_up|board[51],  ;
;                                           ;                           ; state_machine:sm|board_updater:b_up|board[49],  ;
;                                           ;                           ; state_machine:sm|board_updater:b_up|board[46],  ;
;                                           ;                           ; state_machine:sm|board_updater:b_up|board[45],  ;
;                                           ;                           ; state_machine:sm|board_updater:b_up|board[44],  ;
;                                           ;                           ; state_machine:sm|board_updater:b_up|board[43],  ;
;                                           ;                           ; state_machine:sm|board_updater:b_up|board[42],  ;
;                                           ;                           ; state_machine:sm|board_updater:b_up|board[39],  ;
;                                           ;                           ; state_machine:sm|board_updater:b_up|board[34],  ;
;                                           ;                           ; state_machine:sm|board_updater:b_up|board[33],  ;
;                                           ;                           ; state_machine:sm|board_updater:b_up|board[32],  ;
;                                           ;                           ; state_machine:sm|board_updater:b_up|board[31],  ;
;                                           ;                           ; state_machine:sm|board_updater:b_up|board[27],  ;
;                                           ;                           ; state_machine:sm|board_updater:b_up|board[24],  ;
;                                           ;                           ; state_machine:sm|board_updater:b_up|board[23],  ;
;                                           ;                           ; state_machine:sm|board_updater:b_up|board[22],  ;
;                                           ;                           ; state_machine:sm|board_updater:b_up|board[19],  ;
;                                           ;                           ; state_machine:sm|board_updater:b_up|board[17],  ;
;                                           ;                           ; state_machine:sm|board_updater:b_up|board[16],  ;
;                                           ;                           ; state_machine:sm|board_updater:b_up|board[15],  ;
;                                           ;                           ; state_machine:sm|board_updater:b_up|board[14],  ;
;                                           ;                           ; state_machine:sm|board_updater:b_up|board[13],  ;
;                                           ;                           ; state_machine:sm|board_updater:b_up|board[11],  ;
;                                           ;                           ; state_machine:sm|board_updater:b_up|board[10],  ;
;                                           ;                           ; state_machine:sm|board_updater:b_up|board[8],   ;
;                                           ;                           ; state_machine:sm|board_updater:b_up|board[7],   ;
;                                           ;                           ; state_machine:sm|board_updater:b_up|board[5],   ;
;                                           ;                           ; state_machine:sm|board_updater:b_up|board[2],   ;
;                                           ;                           ; state_machine:sm|board_updater:b_up|board[1]    ;
+-------------------------------------------+---------------------------+-------------------------------------------------+


+------------------------------------------------------+
; General Register Statistics                          ;
+----------------------------------------------+-------+
; Statistic                                    ; Value ;
+----------------------------------------------+-------+
; Total registers                              ; 173   ;
; Number of registers using Synchronous Clear  ; 17    ;
; Number of registers using Synchronous Load   ; 3     ;
; Number of registers using Asynchronous Clear ; 173   ;
; Number of registers using Asynchronous Load  ; 0     ;
; Number of registers using Clock Enable       ; 107   ;
; Number of registers using Preset             ; 0     ;
+----------------------------------------------+-------+


+------------------------------------------------------------------+
; Inverted Register Statistics                                     ;
+--------------------------------------------------------+---------+
; Inverted Register                                      ; Fan out ;
+--------------------------------------------------------+---------+
; state_machine:sm|position_updater:pos_up|pos_j[2]      ; 10      ;
; state_machine:sm|position_updater:pos_up|pos_i[2]      ; 12      ;
; state_machine:sm|board_updater:b_up|selected_number[0] ; 4       ;
; Total number of inverted registers = 3                 ;         ;
+--------------------------------------------------------+---------+


+---------------------------------------------------------------------------------------------------------------------------------------------------------------------------+
; Multiplexer Restructuring Statistics (Restructuring Performed)                                                                                                            ;
+--------------------+-----------+---------------+----------------------+------------------------+------------+-------------------------------------------------------------+
; Multiplexer Inputs ; Bus Width ; Baseline Area ; Area if Restructured ; Saving if Restructured ; Registered ; Example Multiplexer Output                                  ;
+--------------------+-----------+---------------+----------------------+------------------------+------------+-------------------------------------------------------------+
; 3:1                ; 5 bits    ; 10 LEs        ; 5 LEs                ; 5 LEs                  ; Yes        ; |top|stopwatch:sw|minutes[4]                                ;
; 3:1                ; 6 bits    ; 12 LEs        ; 6 LEs                ; 6 LEs                  ; Yes        ; |top|stopwatch:sw|seconds[4]                                ;
; 3:1                ; 79 bits   ; 158 LEs       ; 79 LEs               ; 79 LEs                 ; Yes        ; |top|state_machine:sm|board_updater:b_up|visibilities[50]   ;
; 5:1                ; 3 bits    ; 9 LEs         ; 6 LEs                ; 3 LEs                  ; Yes        ; |top|state_machine:sm|board_updater:b_up|selected_number[1] ;
; 13:1               ; 3 bits    ; 24 LEs        ; 12 LEs               ; 12 LEs                 ; Yes        ; |top|state_machine:sm|current_state[1]                      ;
; 3:1                ; 32 bits   ; 64 LEs        ; 32 LEs               ; 32 LEs                 ; No         ; |top|state_machine:sm|board_updater:b_up|ShiftLeft0         ;
; 3:1                ; 15 bits   ; 30 LEs        ; 15 LEs               ; 15 LEs                 ; No         ; |top|state_machine:sm|board_updater:b_up|ShiftLeft0         ;
+--------------------+-----------+---------------+----------------------+------------------------+------------+-------------------------------------------------------------+


+---------------------------------------------------------------------+
; Parameter Settings for User Entity Instance: Top-level Entity: |top ;
+----------------+---------+------------------------------------------+
; Parameter Name ; Value   ; Type                                     ;
+----------------+---------+------------------------------------------+
; GAME_FREQ      ; 6249999 ; Signed Integer                           ;
+----------------+---------+------------------------------------------+
Note: In order to hide this table in the UI and the text report file, please set the "Show Parameter Settings in Synthesis Report" option in "Analysis and Synthesis Settings -> More Settings" to "Off".


+-----------------------------------------------------------------------+
; Parameter Settings for User Entity Instance: frequency:game_frequency ;
+----------------+---------+--------------------------------------------+
; Parameter Name ; Value   ; Type                                       ;
+----------------+---------+--------------------------------------------+
; COUNTER_LIMIT  ; 6249999 ; Signed Integer                             ;
+----------------+---------+--------------------------------------------+
Note: In order to hide this table in the UI and the text report file, please set the "Show Parameter Settings in Synthesis Report" option in "Analysis and Synthesis Settings -> More Settings" to "Off".


+-----------------------------------------------------------------------------------------------------------+
; Parameter Settings for User Entity Instance: display:d                                                    ;
+----------------+------------------------------------------------------------------------+-----------------+
; Parameter Name ; Value                                                                  ; Type            ;
+----------------+------------------------------------------------------------------------+-----------------+
; n              ; 1000000111100101001000110000001100100100100000010111100000000000010000 ; Unsigned Binary ;
+----------------+------------------------------------------------------------------------+-----------------+
Note: In order to hide this table in the UI and the text report file, please set the "Show Parameter Settings in Synthesis Report" option in "Analysis and Synthesis Settings -> More Settings" to "Off".


+------------------------------------------------------------------------+
; Parameter Settings for User Entity Instance: stopwatch:sw|frequency:fd ;
+----------------+----------+--------------------------------------------+
; Parameter Name ; Value    ; Type                                       ;
+----------------+----------+--------------------------------------------+
; COUNTER_LIMIT  ; 49999999 ; Signed Integer                             ;
+----------------+----------+--------------------------------------------+
Note: In order to hide this table in the UI and the text report file, please set the "Show Parameter Settings in Synthesis Report" option in "Analysis and Synthesis Settings -> More Settings" to "Off".


+---------------------------------------------------------------+
; Parameter Settings for User Entity Instance: state_machine:sm ;
+------------------------+-------+------------------------------+
; Parameter Name         ; Value ; Type                         ;
+------------------------+-------+------------------------------+
; INICIAR_JOGO           ; 000   ; Unsigned Binary              ;
; SELECIONAR_DIFICULDADE ; 001   ; Unsigned Binary              ;
; CARREGANDO             ; 010   ; Unsigned Binary              ;
; CORRENDO_MAPA          ; 011   ; Unsigned Binary              ;
; PERCORRER_NUMEROS      ; 100   ; Unsigned Binary              ;
; VITORIA                ; 101   ; Unsigned Binary              ;
; DERROTA                ; 110   ; Unsigned Binary              ;
+------------------------+-------+------------------------------+
Note: In order to hide this table in the UI and the text report file, please set the "Show Parameter Settings in Synthesis Report" option in "Analysis and Synthesis Settings -> More Settings" to "Off".


+----------------------------------------------------------------------------------+
; Parameter Settings for User Entity Instance: state_machine:sm|board_updater:b_up ;
+-------------------+-------+------------------------------------------------------+
; Parameter Name    ; Value ; Type                                                 ;
+-------------------+-------+------------------------------------------------------+
; CARREGANDO        ; 010   ; Unsigned Binary                                      ;
; PERCORRER_NUMEROS ; 100   ; Unsigned Binary                                      ;
+-------------------+-------+------------------------------------------------------+
Note: In order to hide this table in the UI and the text report file, please set the "Show Parameter Settings in Synthesis Report" option in "Analysis and Synthesis Settings -> More Settings" to "Off".


+---------------------------------------------------------------------------------------+
; Parameter Settings for User Entity Instance: state_machine:sm|position_updater:pos_up ;
+----------------+-------+--------------------------------------------------------------+
; Parameter Name ; Value ; Type                                                         ;
+----------------+-------+--------------------------------------------------------------+
; CORRENDO_MAPA  ; 011   ; Unsigned Binary                                              ;
+----------------+-------+--------------------------------------------------------------+
Note: In order to hide this table in the UI and the text report file, please set the "Show Parameter Settings in Synthesis Report" option in "Analysis and Synthesis Settings -> More Settings" to "Off".


+-----------------------------------------------------------------------------------------+
; Parameter Settings for User Entity Instance: state_machine:sm|difficulty_selector:d_sel ;
+------------------------+-------+--------------------------------------------------------+
; Parameter Name         ; Value ; Type                                                   ;
+------------------------+-------+--------------------------------------------------------+
; SELECIONAR_DIFICULDADE ; 001   ; Unsigned Binary                                        ;
+------------------------+-------+--------------------------------------------------------+
Note: In order to hide this table in the UI and the text report file, please set the "Show Parameter Settings in Synthesis Report" option in "Analysis and Synthesis Settings -> More Settings" to "Off".


+------------------------------------------------------------------------------------------------------------------------+
; Port Connectivity Checks: "state_machine:sm"                                                                           ;
+--------------+--------+----------+-------------------------------------------------------------------------------------+
; Port         ; Type   ; Severity ; Details                                                                             ;
+--------------+--------+----------+-------------------------------------------------------------------------------------+
; visibilities ; Output ; Info     ; Connected to dangling logic. Logic that only feeds a dangling port will be removed. ;
; board        ; Output ; Info     ; Connected to dangling logic. Logic that only feeds a dangling port will be removed. ;
+--------------+--------+----------+-------------------------------------------------------------------------------------+


+-----------------------------------------------------------------------------------------------------------------+
; Port Connectivity Checks: "score:sc"                                                                            ;
+-------+--------+----------+-------------------------------------------------------------------------------------+
; Port  ; Type   ; Severity ; Details                                                                             ;
+-------+--------+----------+-------------------------------------------------------------------------------------+
; score ; Output ; Info     ; Connected to dangling logic. Logic that only feeds a dangling port will be removed. ;
+-------+--------+----------+-------------------------------------------------------------------------------------+


+-------------------------------------------------------------------------------------------------------------------+
; Port Connectivity Checks: "stopwatch:sw"                                                                          ;
+---------+--------+----------+-------------------------------------------------------------------------------------+
; Port    ; Type   ; Severity ; Details                                                                             ;
+---------+--------+----------+-------------------------------------------------------------------------------------+
; seconds ; Output ; Info     ; Connected to dangling logic. Logic that only feeds a dangling port will be removed. ;
; minutes ; Output ; Info     ; Connected to dangling logic. Logic that only feeds a dangling port will be removed. ;
+---------+--------+----------+-------------------------------------------------------------------------------------+


+-----------------------------------------------------+
; Post-Synthesis Netlist Statistics for Top Partition ;
+-----------------------+-----------------------------+
; Type                  ; Count                       ;
+-----------------------+-----------------------------+
; boundary_port         ; 66                          ;
; cycloneiii_ff         ; 173                         ;
;     CLR               ; 66                          ;
;     ENA CLR           ; 87                          ;
;     ENA CLR SCLR      ; 17                          ;
;     ENA CLR SLD       ; 3                           ;
; cycloneiii_lcell_comb ; 507                         ;
;     arith             ; 83                          ;
;         2 data inputs ; 70                          ;
;         3 data inputs ; 13                          ;
;     normal            ; 424                         ;
;         0 data inputs ; 2                           ;
;         1 data inputs ; 8                           ;
;         2 data inputs ; 24                          ;
;         3 data inputs ; 71                          ;
;         4 data inputs ; 319                         ;
;                       ;                             ;
; Max LUT depth         ; 12.10                       ;
; Average LUT depth     ; 6.15                        ;
+-----------------------+-----------------------------+


+-------------------------------+
; Elapsed Time Per Partition    ;
+----------------+--------------+
; Partition Name ; Elapsed Time ;
+----------------+--------------+
; Top            ; 00:00:02     ;
+----------------+--------------+


+-------------------------------+
; Analysis & Synthesis Messages ;
+-------------------------------+
Info: *******************************************************************
Info: Running Quartus Prime Analysis & Synthesis
    Info: Version 24.1std.0 Build 1077 03/04/2025 SC Lite Edition
    Info: Processing started: Fri Jul 11 20:10:54 2025
Info: Command: quartus_map --read_settings_files=on --write_settings_files=off sudoku -c top
Warning (18236): Number of processors has not been specified which may cause overloading on shared machines.  Set the global assignment NUM_PARALLEL_PROCESSORS in your QSF to an appropriate value for best performance.
Info (20030): Parallel compilation is enabled and will use 10 of the 10 processors detected
Info (12021): Found 1 design units, including 1 entities, in source file /home/andreojr/dev/edu/engg52/sudoku/modelsim/victory.v
    Info (12023): Found entity 1: victory File: /home/andreojr/dev/edu/engg52/sudoku/modelsim/victory.v Line: 1
Info (12021): Found 1 design units, including 1 entities, in source file /home/andreojr/dev/edu/engg52/sudoku/modelsim/top.v
    Info (12023): Found entity 1: top File: /home/andreojr/dev/edu/engg52/sudoku/modelsim/top.v Line: 1
Info (12021): Found 1 design units, including 1 entities, in source file /home/andreojr/dev/edu/engg52/sudoku/modelsim/stopwatch.v
    Info (12023): Found entity 1: stopwatch File: /home/andreojr/dev/edu/engg52/sudoku/modelsim/stopwatch.v Line: 1
Info (12021): Found 1 design units, including 1 entities, in source file /home/andreojr/dev/edu/engg52/sudoku/modelsim/state_machine.v
    Info (12023): Found entity 1: state_machine File: /home/andreojr/dev/edu/engg52/sudoku/modelsim/state_machine.v Line: 1
Info (12021): Found 1 design units, including 1 entities, in source file /home/andreojr/dev/edu/engg52/sudoku/modelsim/score.v
    Info (12023): Found entity 1: score File: /home/andreojr/dev/edu/engg52/sudoku/modelsim/score.v Line: 1
Info (12021): Found 1 design units, including 1 entities, in source file /home/andreojr/dev/edu/engg52/sudoku/modelsim/random.v
    Info (12023): Found entity 1: random File: /home/andreojr/dev/edu/engg52/sudoku/modelsim/random.v Line: 1
Info (12021): Found 1 design units, including 1 entities, in source file /home/andreojr/dev/edu/engg52/sudoku/modelsim/position_updater.v
    Info (12023): Found entity 1: position_updater File: /home/andreojr/dev/edu/engg52/sudoku/modelsim/position_updater.v Line: 1
Info (12021): Found 1 design units, including 1 entities, in source file /home/andreojr/dev/edu/engg52/sudoku/modelsim/map_selector.v
    Info (12023): Found entity 1: map_selector File: /home/andreojr/dev/edu/engg52/sudoku/modelsim/map_selector.v Line: 1
Info (12021): Found 1 design units, including 1 entities, in source file /home/andreojr/dev/edu/engg52/sudoku/modelsim/frequency.v
    Info (12023): Found entity 1: frequency File: /home/andreojr/dev/edu/engg52/sudoku/modelsim/frequency.v Line: 1
Info (12021): Found 1 design units, including 1 entities, in source file /home/andreojr/dev/edu/engg52/sudoku/modelsim/display.v
    Info (12023): Found entity 1: display File: /home/andreojr/dev/edu/engg52/sudoku/modelsim/display.v Line: 1
Info (12021): Found 1 design units, including 1 entities, in source file /home/andreojr/dev/edu/engg52/sudoku/modelsim/difficulty_selector.v
    Info (12023): Found entity 1: difficulty_selector File: /home/andreojr/dev/edu/engg52/sudoku/modelsim/difficulty_selector.v Line: 1
Info (12021): Found 1 design units, including 1 entities, in source file /home/andreojr/dev/edu/engg52/sudoku/modelsim/define_maps.v
    Info (12023): Found entity 1: define_maps File: /home/andreojr/dev/edu/engg52/sudoku/modelsim/define_maps.v Line: 1
Info (12021): Found 1 design units, including 1 entities, in source file /home/andreojr/dev/edu/engg52/sudoku/modelsim/defeat.v
    Info (12023): Found entity 1: defeat File: /home/andreojr/dev/edu/engg52/sudoku/modelsim/defeat.v Line: 1
Info (12021): Found 1 design units, including 1 entities, in source file /home/andreojr/dev/edu/engg52/sudoku/modelsim/button_handler.v
    Info (12023): Found entity 1: button_handler File: /home/andreojr/dev/edu/engg52/sudoku/modelsim/button_handler.v Line: 1
Info (12021): Found 1 design units, including 1 entities, in source file /home/andreojr/dev/edu/engg52/sudoku/modelsim/board_updater.v
    Info (12023): Found entity 1: board_updater File: /home/andreojr/dev/edu/engg52/sudoku/modelsim/board_updater.v Line: 1
Info (12127): Elaborating entity "top" for the top level hierarchy
Warning (10036): Verilog HDL or VHDL warning at top.v(27): object "playtime" assigned a value but never read File: /home/andreojr/dev/edu/engg52/sudoku/modelsim/top.v Line: 27
Info (12128): Elaborating entity "frequency" for hierarchy "frequency:game_frequency" File: /home/andreojr/dev/edu/engg52/sudoku/modelsim/top.v Line: 46
Warning (10230): Verilog HDL assignment warning at frequency.v(18): truncated value with size 32 to match size of target (26) File: /home/andreojr/dev/edu/engg52/sudoku/modelsim/frequency.v Line: 18
Info (12128): Elaborating entity "button_handler" for hierarchy "button_handler:bh" File: /home/andreojr/dev/edu/engg52/sudoku/modelsim/top.v Line: 57
Info (12128): Elaborating entity "display" for hierarchy "display:d" File: /home/andreojr/dev/edu/engg52/sudoku/modelsim/top.v Line: 64
Info (12128): Elaborating entity "stopwatch" for hierarchy "stopwatch:sw" File: /home/andreojr/dev/edu/engg52/sudoku/modelsim/top.v Line: 73
Info (12128): Elaborating entity "frequency" for hierarchy "stopwatch:sw|frequency:fd" File: /home/andreojr/dev/edu/engg52/sudoku/modelsim/stopwatch.v Line: 15
Warning (10230): Verilog HDL assignment warning at frequency.v(18): truncated value with size 32 to match size of target (26) File: /home/andreojr/dev/edu/engg52/sudoku/modelsim/frequency.v Line: 18
Info (12128): Elaborating entity "score" for hierarchy "score:sc" File: /home/andreojr/dev/edu/engg52/sudoku/modelsim/top.v Line: 80
Warning (10230): Verilog HDL assignment warning at score.v(16): truncated value with size 32 to match size of target (7) File: /home/andreojr/dev/edu/engg52/sudoku/modelsim/score.v Line: 16
Info (12128): Elaborating entity "map_selector" for hierarchy "map_selector:ms" File: /home/andreojr/dev/edu/engg52/sudoku/modelsim/top.v Line: 89
Warning (10230): Verilog HDL assignment warning at map_selector.v(22): truncated value with size 32 to match size of target (4) File: /home/andreojr/dev/edu/engg52/sudoku/modelsim/map_selector.v Line: 22
Info (12128): Elaborating entity "define_maps" for hierarchy "map_selector:ms|define_maps:dm" File: /home/andreojr/dev/edu/engg52/sudoku/modelsim/map_selector.v Line: 14
Info (12128): Elaborating entity "random" for hierarchy "map_selector:ms|random:r" File: /home/andreojr/dev/edu/engg52/sudoku/modelsim/map_selector.v Line: 20
Info (12128): Elaborating entity "state_machine" for hierarchy "state_machine:sm" File: /home/andreojr/dev/edu/engg52/sudoku/modelsim/top.v Line: 120
Warning (10230): Verilog HDL assignment warning at state_machine.v(45): truncated value with size 32 to match size of target (7) File: /home/andreojr/dev/edu/engg52/sudoku/modelsim/state_machine.v Line: 45
Warning (10270): Verilog HDL Case Statement warning at state_machine.v(122): incomplete case statement has no default case item File: /home/andreojr/dev/edu/engg52/sudoku/modelsim/state_machine.v Line: 122
Warning (10034): Output port "score" at state_machine.v(12) has no driver File: /home/andreojr/dev/edu/engg52/sudoku/modelsim/state_machine.v Line: 12
Info (12128): Elaborating entity "board_updater" for hierarchy "state_machine:sm|board_updater:b_up" File: /home/andreojr/dev/edu/engg52/sudoku/modelsim/state_machine.v Line: 72
Warning (10230): Verilog HDL assignment warning at board_updater.v(38): truncated value with size 324 to match size of target (81) File: /home/andreojr/dev/edu/engg52/sudoku/modelsim/board_updater.v Line: 38
Warning (10230): Verilog HDL assignment warning at board_updater.v(68): truncated value with size 32 to match size of target (4) File: /home/andreojr/dev/edu/engg52/sudoku/modelsim/board_updater.v Line: 68
Warning (10230): Verilog HDL assignment warning at board_updater.v(74): truncated value with size 32 to match size of target (4) File: /home/andreojr/dev/edu/engg52/sudoku/modelsim/board_updater.v Line: 74
Warning (10230): Verilog HDL assignment warning at board_updater.v(86): truncated value with size 32 to match size of target (2) File: /home/andreojr/dev/edu/engg52/sudoku/modelsim/board_updater.v Line: 86
Warning (10270): Verilog HDL Case Statement warning at board_updater.v(56): incomplete case statement has no default case item File: /home/andreojr/dev/edu/engg52/sudoku/modelsim/board_updater.v Line: 56
Info (10264): Verilog HDL Case Statement information at board_updater.v(56): all case item expressions in this case statement are onehot File: /home/andreojr/dev/edu/engg52/sudoku/modelsim/board_updater.v Line: 56
Info (12128): Elaborating entity "position_updater" for hierarchy "state_machine:sm|position_updater:pos_up" File: /home/andreojr/dev/edu/engg52/sudoku/modelsim/state_machine.v Line: 86
Warning (10270): Verilog HDL Case Statement warning at position_updater.v(33): incomplete case statement has no default case item File: /home/andreojr/dev/edu/engg52/sudoku/modelsim/position_updater.v Line: 33
Info (12128): Elaborating entity "difficulty_selector" for hierarchy "state_machine:sm|difficulty_selector:d_sel" File: /home/andreojr/dev/edu/engg52/sudoku/modelsim/state_machine.v Line: 97
Info (12128): Elaborating entity "victory" for hierarchy "state_machine:sm|victory:v" File: /home/andreojr/dev/edu/engg52/sudoku/modelsim/state_machine.v Line: 102
Info (12128): Elaborating entity "defeat" for hierarchy "state_machine:sm|defeat:d" File: /home/andreojr/dev/edu/engg52/sudoku/modelsim/state_machine.v Line: 109
Info (13000): Registers with preset signals will power-up high File: /home/andreojr/dev/edu/engg52/sudoku/modelsim/board_updater.v Line: 41
Info (13003): DEV_CLRn pin will set, and not reset, register with preset signal due to NOT Gate Push-Back
Warning (13024): Output pins are stuck at VCC or GND
    Warning (13410): Pin "d1[0]" is stuck at GND File: /home/andreojr/dev/edu/engg52/sudoku/modelsim/top.v Line: 15
    Warning (13410): Pin "d1[1]" is stuck at GND File: /home/andreojr/dev/edu/engg52/sudoku/modelsim/top.v Line: 15
    Warning (13410): Pin "d1[2]" is stuck at GND File: /home/andreojr/dev/edu/engg52/sudoku/modelsim/top.v Line: 15
    Warning (13410): Pin "d1[3]" is stuck at GND File: /home/andreojr/dev/edu/engg52/sudoku/modelsim/top.v Line: 15
    Warning (13410): Pin "d1[4]" is stuck at GND File: /home/andreojr/dev/edu/engg52/sudoku/modelsim/top.v Line: 15
    Warning (13410): Pin "d1[5]" is stuck at GND File: /home/andreojr/dev/edu/engg52/sudoku/modelsim/top.v Line: 15
    Warning (13410): Pin "d1[6]" is stuck at VCC File: /home/andreojr/dev/edu/engg52/sudoku/modelsim/top.v Line: 15
    Warning (13410): Pin "d2[0]" is stuck at GND File: /home/andreojr/dev/edu/engg52/sudoku/modelsim/top.v Line: 15
    Warning (13410): Pin "d2[1]" is stuck at GND File: /home/andreojr/dev/edu/engg52/sudoku/modelsim/top.v Line: 15
    Warning (13410): Pin "d2[2]" is stuck at GND File: /home/andreojr/dev/edu/engg52/sudoku/modelsim/top.v Line: 15
    Warning (13410): Pin "d2[3]" is stuck at GND File: /home/andreojr/dev/edu/engg52/sudoku/modelsim/top.v Line: 15
    Warning (13410): Pin "d2[4]" is stuck at GND File: /home/andreojr/dev/edu/engg52/sudoku/modelsim/top.v Line: 15
    Warning (13410): Pin "d2[5]" is stuck at GND File: /home/andreojr/dev/edu/engg52/sudoku/modelsim/top.v Line: 15
    Warning (13410): Pin "d2[6]" is stuck at VCC File: /home/andreojr/dev/edu/engg52/sudoku/modelsim/top.v Line: 15
    Warning (13410): Pin "d3[0]" is stuck at GND File: /home/andreojr/dev/edu/engg52/sudoku/modelsim/top.v Line: 15
    Warning (13410): Pin "d3[1]" is stuck at GND File: /home/andreojr/dev/edu/engg52/sudoku/modelsim/top.v Line: 15
    Warning (13410): Pin "d3[2]" is stuck at GND File: /home/andreojr/dev/edu/engg52/sudoku/modelsim/top.v Line: 15
    Warning (13410): Pin "d3[3]" is stuck at GND File: /home/andreojr/dev/edu/engg52/sudoku/modelsim/top.v Line: 15
    Warning (13410): Pin "d3[4]" is stuck at GND File: /home/andreojr/dev/edu/engg52/sudoku/modelsim/top.v Line: 15
    Warning (13410): Pin "d3[5]" is stuck at GND File: /home/andreojr/dev/edu/engg52/sudoku/modelsim/top.v Line: 15
    Warning (13410): Pin "d3[6]" is stuck at VCC File: /home/andreojr/dev/edu/engg52/sudoku/modelsim/top.v Line: 15
    Warning (13410): Pin "d7[1]" is stuck at GND File: /home/andreojr/dev/edu/engg52/sudoku/modelsim/top.v Line: 16
    Warning (13410): Pin "d7[2]" is stuck at GND File: /home/andreojr/dev/edu/engg52/sudoku/modelsim/top.v Line: 16
    Warning (13410): Pin "d7[6]" is stuck at VCC File: /home/andreojr/dev/edu/engg52/sudoku/modelsim/top.v Line: 16
Info (286030): Timing-Driven Synthesis is running
Info (16010): Generating hard_block partition "hard_block:auto_generated_inst"
    Info (16011): Adding 0 node(s), including 0 DDIO, 0 PLL, 0 transceiver and 0 LCELL
Info (21057): Implemented 569 device resources after synthesis - the final resource count might be different
    Info (21058): Implemented 9 input pins
    Info (21059): Implemented 57 output pins
    Info (21061): Implemented 503 logic cells
Info: Quartus Prime Analysis & Synthesis was successful. 0 errors, 40 warnings
    Info: Peak virtual memory: 592 megabytes
    Info: Processing ended: Fri Jul 11 20:11:01 2025
    Info: Elapsed time: 00:00:07
    Info: Total CPU time (on all processors): 00:00:15


