------------------------------------------------------------
Timing Analyzer Summary
------------------------------------------------------------

Type  : Slow 1200mV 85C Model Setup 'clk'
Slack : -91.304
TNS   : -4793.905

Type  : Slow 1200mV 85C Model Setup 'game:inst|frequency:game_frequency|out_clk'
Slack : -9.547
TNS   : -1310.975

Type  : Slow 1200mV 85C Model Setup 'game:inst|stopwatch:sw|frequency:fd|out_clk'
Slack : -3.379
TNS   : -61.795

Type  : Slow 1200mV 85C Model Hold 'clk'
Slack : 0.422
TNS   : 0.000

Type  : Slow 1200mV 85C Model Hold 'game:inst|frequency:game_frequency|out_clk'
Slack : 0.427
TNS   : 0.000

Type  : Slow 1200mV 85C Model Hold 'game:inst|stopwatch:sw|frequency:fd|out_clk'
Slack : 0.446
TNS   : 0.000

Type  : Slow 1200mV 85C Model Recovery 'clk'
Slack : -2.956
TNS   : -150.121

Type  : Slow 1200mV 85C Model Recovery 'game:inst|stopwatch:sw|frequency:fd|out_clk'
Slack : -2.942
TNS   : -64.328

Type  : Slow 1200mV 85C Model Recovery 'game:inst|frequency:game_frequency|out_clk'
Slack : -2.708
TNS   : -491.963

Type  : Slow 1200mV 85C Model Removal 'game:inst|frequency:game_frequency|out_clk'
Slack : 2.475
TNS   : 0.000

Type  : Slow 1200mV 85C Model Removal 'clk'
Slack : 2.801
TNS   : 0.000

Type  : Slow 1200mV 85C Model Removal 'game:inst|stopwatch:sw|frequency:fd|out_clk'
Slack : 3.172
TNS   : 0.000

Type  : Slow 1200mV 85C Model Minimum Pulse Width 'clk'
Slack : -3.000
TNS   : -1555.428

Type  : Slow 1200mV 85C Model Minimum Pulse Width 'game:inst|frequency:game_frequency|out_clk'
Slack : -1.487
TNS   : -278.069

Type  : Slow 1200mV 85C Model Minimum Pulse Width 'game:inst|stopwatch:sw|frequency:fd|out_clk'
Slack : -1.487
TNS   : -32.714

Type  : Slow 1200mV 0C Model Setup 'clk'
Slack : -83.268
TNS   : -4390.618

Type  : Slow 1200mV 0C Model Setup 'game:inst|frequency:game_frequency|out_clk'
Slack : -9.084
TNS   : -1219.668

Type  : Slow 1200mV 0C Model Setup 'game:inst|stopwatch:sw|frequency:fd|out_clk'
Slack : -3.133
TNS   : -56.731

Type  : Slow 1200mV 0C Model Hold 'clk'
Slack : 0.373
TNS   : 0.000

Type  : Slow 1200mV 0C Model Hold 'game:inst|frequency:game_frequency|out_clk'
Slack : 0.377
TNS   : 0.000

Type  : Slow 1200mV 0C Model Hold 'game:inst|stopwatch:sw|frequency:fd|out_clk'
Slack : 0.395
TNS   : 0.000

Type  : Slow 1200mV 0C Model Recovery 'clk'
Slack : -2.593
TNS   : -130.491

Type  : Slow 1200mV 0C Model Recovery 'game:inst|stopwatch:sw|frequency:fd|out_clk'
Slack : -2.589
TNS   : -56.580

Type  : Slow 1200mV 0C Model Recovery 'game:inst|frequency:game_frequency|out_clk'
Slack : -2.353
TNS   : -426.509

Type  : Slow 1200mV 0C Model Removal 'game:inst|frequency:game_frequency|out_clk'
Slack : 2.171
TNS   : 0.000

Type  : Slow 1200mV 0C Model Removal 'clk'
Slack : 2.488
TNS   : 0.000

Type  : Slow 1200mV 0C Model Removal 'game:inst|stopwatch:sw|frequency:fd|out_clk'
Slack : 2.842
TNS   : 0.000

Type  : Slow 1200mV 0C Model Minimum Pulse Width 'clk'
Slack : -3.000
TNS   : -1555.428

Type  : Slow 1200mV 0C Model Minimum Pulse Width 'game:inst|frequency:game_frequency|out_clk'
Slack : -1.487
TNS   : -278.069

Type  : Slow 1200mV 0C Model Minimum Pulse Width 'game:inst|stopwatch:sw|frequency:fd|out_clk'
Slack : -1.487
TNS   : -32.714

Type  : Fast 1200mV 0C Model Setup 'clk'
Slack : -38.654
TNS   : -1446.304

Type  : Fast 1200mV 0C Model Setup 'game:inst|frequency:game_frequency|out_clk'
Slack : -3.852
TNS   : -478.222

Type  : Fast 1200mV 0C Model Setup 'game:inst|stopwatch:sw|frequency:fd|out_clk'
Slack : -0.946
TNS   : -14.817

Type  : Fast 1200mV 0C Model Hold 'clk'
Slack : 0.155
TNS   : 0.000

Type  : Fast 1200mV 0C Model Hold 'game:inst|frequency:game_frequency|out_clk'
Slack : 0.176
TNS   : 0.000

Type  : Fast 1200mV 0C Model Hold 'game:inst|stopwatch:sw|frequency:fd|out_clk'
Slack : 0.184
TNS   : 0.000

Type  : Fast 1200mV 0C Model Recovery 'game:inst|stopwatch:sw|frequency:fd|out_clk'
Slack : -0.943
TNS   : -20.506

Type  : Fast 1200mV 0C Model Recovery 'clk'
Slack : -0.889
TNS   : -43.198

Type  : Fast 1200mV 0C Model Recovery 'game:inst|frequency:game_frequency|out_clk'
Slack : -0.852
TNS   : -153.206

Type  : Fast 1200mV 0C Model Removal 'game:inst|frequency:game_frequency|out_clk'
Slack : 1.255
TNS   : 0.000

Type  : Fast 1200mV 0C Model Removal 'clk'
Slack : 1.349
TNS   : 0.000

Type  : Fast 1200mV 0C Model Removal 'game:inst|stopwatch:sw|frequency:fd|out_clk'
Slack : 1.527
TNS   : 0.000

Type  : Fast 1200mV 0C Model Minimum Pulse Width 'clk'
Slack : -3.000
TNS   : -1113.056

Type  : Fast 1200mV 0C Model Minimum Pulse Width 'game:inst|frequency:game_frequency|out_clk'
Slack : -1.000
TNS   : -187.000

Type  : Fast 1200mV 0C Model Minimum Pulse Width 'game:inst|stopwatch:sw|frequency:fd|out_clk'
Slack : -1.000
TNS   : -22.000

------------------------------------------------------------
