------------------------------------------------------------
Timing Analyzer Summary
------------------------------------------------------------

Type  : Slow 1200mV 85C Model Setup 'clk'
Slack : -84.689
TNS   : -5593.721

Type  : Slow 1200mV 85C Model Setup 'game:inst|frequency:game_frequency|out_clk'
Slack : -10.873
TNS   : -2890.018

Type  : Slow 1200mV 85C Model Setup 'game:inst|stopwatch:sw|frequency:fd|out_clk'
Slack : -3.411
TNS   : -66.915

Type  : Slow 1200mV 85C Model Hold 'clk'
Slack : 0.421
TNS   : 0.000

Type  : Slow 1200mV 85C Model Hold 'game:inst|frequency:game_frequency|out_clk'
Slack : 0.443
TNS   : 0.000

Type  : Slow 1200mV 85C Model Hold 'game:inst|stopwatch:sw|frequency:fd|out_clk'
Slack : 0.445
TNS   : 0.000

Type  : Slow 1200mV 85C Model Recovery 'game:inst|stopwatch:sw|frequency:fd|out_clk'
Slack : -3.202
TNS   : -70.081

Type  : Slow 1200mV 85C Model Recovery 'game:inst|frequency:game_frequency|out_clk'
Slack : -2.946
TNS   : -1475.401

Type  : Slow 1200mV 85C Model Recovery 'clk'
Slack : -2.938
TNS   : -1297.210

Type  : Slow 1200mV 85C Model Removal 'clk'
Slack : 2.794
TNS   : 0.000

Type  : Slow 1200mV 85C Model Removal 'game:inst|frequency:game_frequency|out_clk'
Slack : 3.199
TNS   : 0.000

Type  : Slow 1200mV 85C Model Removal 'game:inst|stopwatch:sw|frequency:fd|out_clk'
Slack : 3.454
TNS   : 0.000

Type  : Slow 1200mV 85C Model Minimum Pulse Width 'clk'
Slack : -3.000
TNS   : -2163.611

Type  : Slow 1200mV 85C Model Minimum Pulse Width 'game:inst|frequency:game_frequency|out_clk'
Slack : -1.487
TNS   : -747.961

Type  : Slow 1200mV 85C Model Minimum Pulse Width 'game:inst|stopwatch:sw|frequency:fd|out_clk'
Slack : -1.487
TNS   : -32.714

Type  : Slow 1200mV 0C Model Setup 'clk'
Slack : -77.341
TNS   : -5140.705

Type  : Slow 1200mV 0C Model Setup 'game:inst|frequency:game_frequency|out_clk'
Slack : -10.169
TNS   : -2664.752

Type  : Slow 1200mV 0C Model Setup 'game:inst|stopwatch:sw|frequency:fd|out_clk'
Slack : -3.167
TNS   : -61.687

Type  : Slow 1200mV 0C Model Hold 'clk'
Slack : 0.372
TNS   : 0.000

Type  : Slow 1200mV 0C Model Hold 'game:inst|frequency:game_frequency|out_clk'
Slack : 0.392
TNS   : 0.000

Type  : Slow 1200mV 0C Model Hold 'game:inst|stopwatch:sw|frequency:fd|out_clk'
Slack : 0.395
TNS   : 0.000

Type  : Slow 1200mV 0C Model Recovery 'game:inst|stopwatch:sw|frequency:fd|out_clk'
Slack : -2.847
TNS   : -62.271

Type  : Slow 1200mV 0C Model Recovery 'game:inst|frequency:game_frequency|out_clk'
Slack : -2.587
TNS   : -1296.065

Type  : Slow 1200mV 0C Model Recovery 'clk'
Slack : -2.573
TNS   : -1132.109

Type  : Slow 1200mV 0C Model Removal 'clk'
Slack : 2.481
TNS   : 0.000

Type  : Slow 1200mV 0C Model Removal 'game:inst|frequency:game_frequency|out_clk'
Slack : 2.869
TNS   : 0.000

Type  : Slow 1200mV 0C Model Removal 'game:inst|stopwatch:sw|frequency:fd|out_clk'
Slack : 3.127
TNS   : 0.000

Type  : Slow 1200mV 0C Model Minimum Pulse Width 'clk'
Slack : -3.000
TNS   : -2163.611

Type  : Slow 1200mV 0C Model Minimum Pulse Width 'game:inst|frequency:game_frequency|out_clk'
Slack : -1.487
TNS   : -747.961

Type  : Slow 1200mV 0C Model Minimum Pulse Width 'game:inst|stopwatch:sw|frequency:fd|out_clk'
Slack : -1.487
TNS   : -32.714

Type  : Fast 1200mV 0C Model Setup 'clk'
Slack : -35.398
TNS   : -1597.349

Type  : Fast 1200mV 0C Model Setup 'game:inst|frequency:game_frequency|out_clk'
Slack : -4.086
TNS   : -977.666

Type  : Fast 1200mV 0C Model Setup 'game:inst|stopwatch:sw|frequency:fd|out_clk'
Slack : -0.893
TNS   : -15.619

Type  : Fast 1200mV 0C Model Hold 'clk'
Slack : 0.173
TNS   : 0.000

Type  : Fast 1200mV 0C Model Hold 'game:inst|frequency:game_frequency|out_clk'
Slack : 0.181
TNS   : 0.000

Type  : Fast 1200mV 0C Model Hold 'game:inst|stopwatch:sw|frequency:fd|out_clk'
Slack : 0.182
TNS   : 0.000

Type  : Fast 1200mV 0C Model Recovery 'game:inst|stopwatch:sw|frequency:fd|out_clk'
Slack : -1.044
TNS   : -22.770

Type  : Fast 1200mV 0C Model Recovery 'game:inst|frequency:game_frequency|out_clk'
Slack : -0.961
TNS   : -479.350

Type  : Fast 1200mV 0C Model Recovery 'clk'
Slack : -0.885
TNS   : -383.229

Type  : Fast 1200mV 0C Model Removal 'clk'
Slack : 1.347
TNS   : 0.000

Type  : Fast 1200mV 0C Model Removal 'game:inst|frequency:game_frequency|out_clk'
Slack : 1.555
TNS   : 0.000

Type  : Fast 1200mV 0C Model Removal 'game:inst|stopwatch:sw|frequency:fd|out_clk'
Slack : 1.637
TNS   : 0.000

Type  : Fast 1200mV 0C Model Minimum Pulse Width 'clk'
Slack : -3.000
TNS   : -1550.778

Type  : Fast 1200mV 0C Model Minimum Pulse Width 'game:inst|frequency:game_frequency|out_clk'
Slack : -1.000
TNS   : -503.000

Type  : Fast 1200mV 0C Model Minimum Pulse Width 'game:inst|stopwatch:sw|frequency:fd|out_clk'
Slack : -1.000
TNS   : -22.000

------------------------------------------------------------
